/*---------------------------------------------------------------------------*\
| =========                 |                                                 |
| \\      /  F ield         | OpenFOAM: The Open Source CFD Toolbox           |
|  \\    /   O peration     | Version:  2512                                  |
|   \\  /    A nd           | Website:  www.openfoam.com                      |
|    \\/     M anipulation  |                                                 |
\*---------------------------------------------------------------------------*/
Build  : _bd2b6720-20260127 OPENFOAM=2512 version=2512
Arch   : "LSB;label=32;scalar=64"
Exec   : checkMesh -allGeometry -allTopology -case /home/kavin/multi_airfoil_pinn_surrogate/sample_case
Date   : Aug 07 2026
Time   : 22:12:17
Host   : PC-KS
PID    : 247760
I/O    : uncollated
Case   : /home/kavin/multi_airfoil_pinn_surrogate/sample_case
nProcs : 1
trapFpe: Floating point exception trapping enabled (FOAM_SIGFPE).
memory pool : not available
fileModificationChecking : Monitoring run-time modified files using timeStampMaster (fileModificationSkew 5, maxFileModificationPolls 20)
allowSystemOperations : Allowing user-supplied system call operations

// * * * * * * * * * * * * * * * * * * * * * * * * * * * * * * * * * * * * * //
Create time

Create mesh for time = 0

Check mesh...
    Enabling all (cell, face, edge, point) topology checks.
    Enabling all geometry checks.

Time = 0

Mesh stats 
    points:           839202
    internal points:  0
    edges:            2093033
    internal edges:   414621
    internal edges using one boundary point:   0
    internal edges using two boundary points:  414621
    faces:            1670942
    internal faces:   831736
    cells:            417113
    faces per cell:   6
    boundary patches: 4
    point zones:      0
    face zones:       0
    cell zones:       1

Overall number of cells of each type:
    hexahedra:     417113
    prisms:        0
    wedges:        0
    pyramids:      0
    tet wedges:    0
    tetrahedra:    0
    polyhedra:     0

Checking topology...
    Boundary definition OK.
    Cell to face addressing OK.
    Point usage OK.
    Upper triangular ordering OK.
    Face vertices OK.
    Topological cell zip-up check OK.
    Face-face connectivity OK.
  <<Writing 4 cells with two non-boundary faces to set twoInternalFacesCells
    Number of regions: 1 (OK).

Checking patch topology for multiply connected surfaces...
    Patch               Faces    Points     Surface topology  Bounding box
    frontAndBack        834226   839202   ok (non-closed singly connected)   (-6 -6 0) (10 6 1)
    outlets             884      1770     ok (non-closed singly connected)   (-6 -6 0) (10 6 1)
    inlet               240      482      ok (non-closed singly connected)   (-6 -6 0) (-6 6 1)
    airfoils            3856     7712     ok (non-closed singly connected)   (0.00093059 -0.103184 0) (0.991966 0.100936 1)
    ".*"                839206   839202   ok (closed singly connected)       (-6 -6 0) (10 6 1)


Checking faceZone topology for multiply connected surfaces...
    No faceZones found.

Checking basic cellZone addressing...
    CellZone            Cells        Points       Volume       BoundingBox
    FluidDomain         417113       839202       191.949      (-6 -6 0) (10 6 1)

Checking basic pointZone addressing...
    No pointZones found.

Checking geometry...
    Overall domain bounding box (-6 -6 0) (10 6 1)
    Mesh has 2 geometric (non-empty/wedge) directions (1 1 0)
    Mesh has 2 solution (non-empty) directions (1 1 0)
    All edges aligned with or perpendicular to non-empty directions.
    Boundary openness (-1.83703e-18 8.79263e-19 -4.64912e-21) OK.
    Max cell openness = 3.13739e-15 OK.
    Max aspect ratio = 69.3694 OK.
    Minimum face area = 3.04502e-09. Maximum face area = 0.0867542.  Face area magnitudes OK.
    Min volume = 3.04502e-09. Max volume = 0.005405.  Total volume = 191.949.  Cell volumes OK.
    Mesh non-orthogonality Max: 55.547 average: 5.31271
    Non-orthogonality check OK.
    Face pyramids OK.
    Max skewness = 3.5174 OK.
    Coupled point location match (average 0) OK.
    Face tets OK.
   *Edges too small, min/max edge length = 6.90107e-06 1, number too small: 42532
  <<Writing 42532 points on short edges to set shortEdges
    All angles in faces OK.
    Face flatness (1 = flat, 0 = butterfly) : min = 1  average = 1
    All face flatness OK.
    Cell determinant (wellposedness) : minimum: 0.000323631 average: 0.434889
 ***Cells with small determinant (< 0.001) found, number of cells: 172
  <<Writing 172 under-determined cells to set underdeterminedCells
    Concave cell check OK.
    Face interpolation weight : minimum: 0.100293 average: 0.473334
    Face interpolation weight check OK.
    Face volume ratio : minimum: 0.103887 average: 0.868526
    Face volume ratio check OK.

Failed 1 mesh checks.

End

